Bloco 0:
  IN : { }
  OUT: { (a,0,0) (b,0,1) }
Bloco 1:
  IN : { (a,0,0) (b,0,1) }
  OUT: { (a,0,0) (b,0,1) (x,1,0) (y,1,1) }
Bloco 2:
  IN : { (a,0,0) (b,0,1) (x,1,0) (y,1,1) }
  OUT: { (a,0,0) (b,0,1) (x,2,1) (y,1,1) (z,2,0) }
