Bloco 0:
  IN : { }
  OUT: { (x,0,0) (y,0,1) }
Bloco 1:
  IN : { (x,0,0) (y,0,1) }
  OUT: { (w,1,1) (x,0,0) (y,0,1) (z,1,0) }
Bloco 2:
  IN : { (w,1,1) (x,0,0) (y,0,1) (z,1,0) }
  OUT: { (w,1,1) (x,2,0) (y,2,1) (z,1,0) }
Bloco 3:
  IN : { (w,1,1) (x,0,0) (x,2,0) (y,0,1) (y,2,1) (z,1,0) }
  OUT: { (w,3,1) (x,0,0) (x,2,0) (y,0,1) (y,2,1) (z,3,0) }
