Bloco 0:
  IN : { }
  OUT: { (x,0,0) (y,0,1) }
Bloco 1:
  IN : { (x,0,0) (y,0,1) }
  OUT: { (x,1,1) (y,0,1) (z,1,0) }
Bloco 2:
  IN : { (x,0,0) (x,1,1) (y,0,1) (z,1,0) }
  OUT: { (x,0,0) (x,1,1) (y,2,0) (z,2,1) }
